[2026-07-01 21:00:03] [INFO] /userdata/sdcard/workspace/proj/integrated-inspection/cpp/src/serial_port.cc:62 - Serial port /dev/ttyS9 opened successfully, baud=115200 data=8 stop=1 parity=N
[2026-07-01 21:00:03] [INFO] /userdata/sdcard/workspace/proj/integrated-inspection/cpp/src/serial_port.cc:62 - Serial port /dev/ttyS8 opened successfully, baud=115200 data=8 stop=1 parity=N
[2026-07-01 21:00:04] [INFO] /userdata/sdcard/workspace/proj/integrated-inspection/cpp/src/serial_port.cc:150 - Serial RX /dev/ttyS8 4 bytes: AA 55 23 FF
[2026-07-01 21:00:04] [INFO] /userdata/sdcard/workspace/proj/integrated-inspection/cpp/src/serial_port.cc:150 - Serial RX /dev/ttyS8 4 bytes: AA 55 23 FF
[2026-07-01 21:00:05] [INFO] /userdata/sdcard/workspace/proj/integrated-inspection/cpp/src/serial_port.cc:150 - Serial RX /dev/ttyS8 4 bytes: AA 55 23 FF
[2026-07-01 21:00:09] [INFO] /userdata/sdcard/workspace/proj/integrated-inspection/cpp/src/serial_port.cc:150 - Serial RX /dev/ttyS8 4 bytes: AA 55 23 FF
[2026-07-01 21:00:29] [INFO] /userdata/sdcard/workspace/proj/integrated-inspection/cpp/src/serial_port.cc:96 - Serial TX /dev/ttyS8 10/10 bytes: AA 55 25 00 02 00 14 08 C8 FF
[2026-07-01 21:00:32] [INFO] /userdata/sdcard/workspace/proj/integrated-inspection/cpp/src/serial_port.cc:150 - Serial RX /dev/ttyS8 4 bytes: AA 55 21 FF
[2026-07-01 21:00:33] [INFO] /userdata/sdcard/workspace/proj/integrated-inspection/cpp/src/serial_port.cc:96 - Serial TX /dev/ttyS8 10/10 bytes: AA 55 25 00 02 00 14 08 C8 FF
[2026-07-01 21:00:36] [INFO] /userdata/sdcard/workspace/proj/integrated-inspection/cpp/src/serial_port.cc:150 - Serial RX /dev/ttyS8 4 bytes: AA 55 21 FF
[2026-07-01 21:00:36] [INFO] /userdata/sdcard/workspace/proj/integrated-inspection/cpp/src/serial_port.cc:96 - Serial TX /dev/ttyS8 10/10 bytes: AA 55 25 00 02 00 14 08 C8 FF
[2026-07-01 21:00:39] [INFO] /userdata/sdcard/workspace/proj/integrated-inspection/cpp/src/serial_port.cc:150 - Serial RX /dev/ttyS8 4 bytes: AA 55 21 FF
[2026-07-01 21:00:40] [INFO] /userdata/sdcard/workspace/proj/integrated-inspection/cpp/src/serial_port.cc:96 - Serial TX /dev/ttyS8 10/10 bytes: AA 55 25 00 02 00 50 3B C8 FF
[2026-07-01 21:00:52] [INFO] /userdata/sdcard/workspace/proj/integrated-inspection/cpp/src/serial_port.cc:150 - Serial RX /dev/ttyS8 4 bytes: AA 55 21 FF
[2026-07-01 21:00:55] [INFO] /userdata/sdcard/workspace/proj/integrated-inspection/cpp/src/serial_port.cc:96 - Serial TX /dev/ttyS8 10/10 bytes: AA 55 25 00 02 00 14 08 C8 FF
[2026-07-01 21:00:58] [INFO] /userdata/sdcard/workspace/proj/integrated-inspection/cpp/src/serial_port.cc:150 - Serial RX /dev/ttyS8 4 bytes: AA 55 21 FF
[2026-07-01 21:01:00] [INFO] /userdata/sdcard/workspace/proj/integrated-inspection/cpp/src/serial_port.cc:96 - Serial TX /dev/ttyS8 10/10 bytes: AA 55 25 00 02 00 14 08 C8 FF
[2026-07-01 21:01:03] [INFO] /userdata/sdcard/workspace/proj/integrated-inspection/cpp/src/serial_port.cc:150 - Serial RX /dev/ttyS8 4 bytes: AA 55 21 FF
[2026-07-01 21:01:05] [INFO] /userdata/sdcard/workspace/proj/integrated-inspection/cpp/src/serial_port.cc:96 - Serial TX /dev/ttyS8 10/10 bytes: AA 55 25 00 02 00 14 08 C8 FF
[2026-07-01 21:01:08] [INFO] /userdata/sdcard/workspace/proj/integrated-inspection/cpp/src/serial_port.cc:150 - Serial RX /dev/ttyS8 4 bytes: AA 55 21 FF
[2026-07-01 21:01:11] [INFO] /userdata/sdcard/workspace/proj/integrated-inspection/cpp/src/serial_port.cc:96 - Serial TX /dev/ttyS8 10/10 bytes: AA 55 26 00 02 00 C8 91 8D FF
[2026-07-01 21:01:43] [INFO] /userdata/sdcard/workspace/proj/integrated-inspection/cpp/src/serial_port.cc:150 - Serial RX /dev/ttyS8 4 bytes: AA 55 22 FF
[2026-07-02 14:15:08] [INFO] /userdata/sdcard/workspace/proj/integrated-inspection/cpp/src/serial_port.cc:62 - Serial port /dev/ttyS9 opened successfully, baud=115200 data=8 stop=1 parity=N
[2026-07-02 14:15:08] [INFO] /userdata/sdcard/workspace/proj/integrated-inspection/cpp/src/serial_port.cc:62 - Serial port /dev/ttyS8 opened successfully, baud=115200 data=8 stop=1 parity=N
[2026-07-02 14:15:34] [INFO] /userdata/sdcard/workspace/proj/integrated-inspection/cpp/src/serial_port.cc:96 - Serial TX /dev/ttyS8 10/10 bytes: AA 55 25 00 02 00 14 08 C8 FF
[2026-07-02 14:15:38] [INFO] /userdata/sdcard/workspace/proj/integrated-inspection/cpp/src/serial_port.cc:150 - Serial RX /dev/ttyS8 4 bytes: AA 55 21 FF
[2026-07-02 14:15:38] [INFO] /userdata/sdcard/workspace/proj/integrated-inspection/cpp/src/serial_port.cc:96 - Serial TX /dev/ttyS8 10/10 bytes: AA 55 25 00 02 00 14 08 C8 FF
[2026-07-02 14:15:41] [INFO] /userdata/sdcard/workspace/proj/integrated-inspection/cpp/src/serial_port.cc:150 - Serial RX /dev/ttyS8 4 bytes: AA 55 21 FF
[2026-07-02 14:15:41] [INFO] /userdata/sdcard/workspace/proj/integrated-inspection/cpp/src/serial_port.cc:96 - Serial TX /dev/ttyS8 10/10 bytes: AA 55 25 00 02 00 14 08 C8 FF
[2026-07-02 14:15:44] [INFO] /userdata/sdcard/workspace/proj/integrated-inspection/cpp/src/serial_port.cc:150 - Serial RX /dev/ttyS8 4 bytes: AA 55 21 FF
[2026-07-02 14:15:44] [INFO] /userdata/sdcard/workspace/proj/integrated-inspection/cpp/src/serial_port.cc:96 - Serial TX /dev/ttyS8 10/10 bytes: AA 55 25 00 02 00 64 EC C9 FF
[2026-07-02 14:16:00] [INFO] /userdata/sdcard/workspace/proj/integrated-inspection/cpp/src/serial_port.cc:150 - Serial RX /dev/ttyS8 4 bytes: AA 55 21 FF
[2026-07-02 14:16:03] [INFO] /userdata/sdcard/workspace/proj/integrated-inspection/cpp/src/serial_port.cc:96 - Serial TX /dev/ttyS8 10/10 bytes: AA 55 25 00 02 00 14 08 C8 FF
[2026-07-02 14:16:06] [INFO] /userdata/sdcard/workspace/proj/integrated-inspection/cpp/src/serial_port.cc:150 - Serial RX /dev/ttyS8 4 bytes: AA 55 21 FF
[2026-07-02 14:16:08] [INFO] /userdata/sdcard/workspace/proj/integrated-inspection/cpp/src/serial_port.cc:96 - Serial TX /dev/ttyS8 10/10 bytes: AA 55 25 00 02 00 14 08 C8 FF
[2026-07-02 14:16:11] [INFO] /userdata/sdcard/workspace/proj/integrated-inspection/cpp/src/serial_port.cc:150 - Serial RX /dev/ttyS8 4 bytes: AA 55 21 FF
[2026-07-02 14:16:13] [INFO] /userdata/sdcard/workspace/proj/integrated-inspection/cpp/src/serial_port.cc:96 - Serial TX /dev/ttyS8 10/10 bytes: AA 55 25 00 02 00 14 08 C8 FF
[2026-07-02 14:16:16] [INFO] /userdata/sdcard/workspace/proj/integrated-inspection/cpp/src/serial_port.cc:150 - Serial RX /dev/ttyS8 4 bytes: AA 55 21 FF
[2026-07-02 14:16:19] [INFO] /userdata/sdcard/workspace/proj/integrated-inspection/cpp/src/serial_port.cc:96 - Serial TX /dev/ttyS8 10/10 bytes: AA 55 26 00 02 00 DC 9E 8D FF
[2026-07-02 14:16:51] [INFO] /userdata/sdcard/workspace/proj/integrated-inspection/cpp/src/serial_port.cc:150 - Serial RX /dev/ttyS8 4 bytes: AA 55 22 FF
[2026-07-02 14:17:14] [INFO] /userdata/sdcard/workspace/proj/integrated-inspection/cpp/src/serial_port.cc:96 - Serial TX /dev/ttyS8 10/10 bytes: AA 55 25 00 02 00 14 08 C8 FF
[2026-07-02 14:17:17] [INFO] /userdata/sdcard/workspace/proj/integrated-inspection/cpp/src/serial_port.cc:150 - Serial RX /dev/ttyS8 4 bytes: AA 55 21 FF
[2026-07-02 14:17:17] [INFO] /userdata/sdcard/workspace/proj/integrated-inspection/cpp/src/serial_port.cc:96 - Serial TX /dev/ttyS8 10/10 bytes: AA 55 25 00 02 00 14 08 C8 FF
[2026-07-02 14:17:20] [INFO] /userdata/sdcard/workspace/proj/integrated-inspection/cpp/src/serial_port.cc:150 - Serial RX /dev/ttyS8 4 bytes: AA 55 21 FF
[2026-07-02 14:17:21] [INFO] /userdata/sdcard/workspace/proj/integrated-inspection/cpp/src/serial_port.cc:96 - Serial TX /dev/ttyS8 10/10 bytes: AA 55 25 00 02 00 14 08 C8 FF
[2026-07-02 14:17:24] [INFO] /userdata/sdcard/workspace/proj/integrated-inspection/cpp/src/serial_port.cc:150 - Serial RX /dev/ttyS8 4 bytes: AA 55 21 FF
[2026-07-02 14:17:24] [INFO] /userdata/sdcard/workspace/proj/integrated-inspection/cpp/src/serial_port.cc:96 - Serial TX /dev/ttyS8 10/10 bytes: AA 55 25 00 02 00 50 3B C8 FF
[2026-07-02 14:17:37] [INFO] /userdata/sdcard/workspace/proj/integrated-inspection/cpp/src/serial_port.cc:150 - Serial RX /dev/ttyS8 4 bytes: AA 55 21 FF
[2026-07-02 14:17:39] [INFO] /userdata/sdcard/workspace/proj/integrated-inspection/cpp/src/serial_port.cc:96 - Serial TX /dev/ttyS8 10/10 bytes: AA 55 25 00 02 00 14 08 C8 FF
[2026-07-02 14:17:42] [INFO] /userdata/sdcard/workspace/proj/integrated-inspection/cpp/src/serial_port.cc:150 - Serial RX /dev/ttyS8 4 bytes: AA 55 21 FF
[2026-07-02 14:17:44] [INFO] /userdata/sdcard/workspace/proj/integrated-inspection/cpp/src/serial_port.cc:96 - Serial TX /dev/ttyS8 10/10 bytes: AA 55 25 00 02 00 14 08 C8 FF
[2026-07-02 14:17:47] [INFO] /userdata/sdcard/workspace/proj/integrated-inspection/cpp/src/serial_port.cc:150 - Serial RX /dev/ttyS8 4 bytes: AA 55 21 FF
[2026-07-02 14:17:50] [INFO] /userdata/sdcard/workspace/proj/integrated-inspection/cpp/src/serial_port.cc:96 - Serial TX /dev/ttyS8 10/10 bytes: AA 55 25 00 02 00 14 08 C8 FF
[2026-07-02 14:17:53] [INFO] /userdata/sdcard/workspace/proj/integrated-inspection/cpp/src/serial_port.cc:150 - Serial RX /dev/ttyS8 4 bytes: AA 55 21 FF
[2026-07-02 14:17:55] [INFO] /userdata/sdcard/workspace/proj/integrated-inspection/cpp/src/serial_port.cc:96 - Serial TX /dev/ttyS8 10/10 bytes: AA 55 26 00 02 00 C8 91 8D FF
[2026-07-02 14:18:27] [INFO] /userdata/sdcard/workspace/proj/integrated-inspection/cpp/src/serial_port.cc:150 - Serial RX /dev/ttyS8 4 bytes: AA 55 22 FF
[2026-07-02 14:19:19] [INFO] /userdata/sdcard/workspace/proj/integrated-inspection/cpp/src/serial_port.cc:150 - Serial RX /dev/ttyS8 4 bytes: AA 55 23 FF
[2026-07-02 14:19:19] [INFO] /userdata/sdcard/workspace/proj/integrated-inspection/cpp/src/serial_port.cc:150 - Serial RX /dev/ttyS8 4 bytes: AA 55 23 FF
[2026-07-02 14:20:02] [INFO] /userdata/sdcard/workspace/proj/integrated-inspection/cpp/src/serial_port.cc:96 - Serial TX /dev/ttyS8 10/10 bytes: AA 55 25 00 02 00 14 08 C8 FF
[2026-07-02 14:20:06] [INFO] /userdata/sdcard/workspace/proj/integrated-inspection/cpp/src/serial_port.cc:150 - Serial RX /dev/ttyS8 4 bytes: AA 55 21 FF
[2026-07-02 14:20:06] [INFO] /userdata/sdcard/workspace/proj/integrated-inspection/cpp/src/serial_port.cc:96 - Serial TX /dev/ttyS8 10/10 bytes: AA 55 25 00 02 00 14 08 C8 FF
[2026-07-02 14:20:09] [INFO] /userdata/sdcard/workspace/proj/integrated-inspection/cpp/src/serial_port.cc:150 - Serial RX /dev/ttyS8 4 bytes: AA 55 21 FF
[2026-07-02 14:20:09] [INFO] /userdata/sdcard/workspace/proj/integrated-inspection/cpp/src/serial_port.cc:96 - Serial TX /dev/ttyS8 10/10 bytes: AA 55 25 00 02 00 14 08 C8 FF
[2026-07-02 14:20:13] [INFO] /userdata/sdcard/workspace/proj/integrated-inspection/cpp/src/serial_port.cc:150 - Serial RX /dev/ttyS8 4 bytes: AA 55 21 FF
[2026-07-02 14:20:13] [INFO] /userdata/sdcard/workspace/proj/integrated-inspection/cpp/src/serial_port.cc:96 - Serial TX /dev/ttyS8 10/10 bytes: AA 55 25 00 02 00 50 3B C8 FF
[2026-07-02 14:20:26] [INFO] /userdata/sdcard/workspace/proj/integrated-inspection/cpp/src/serial_port.cc:150 - Serial RX /dev/ttyS8 4 bytes: AA 55 21 FF
[2026-07-02 14:20:28] [INFO] /userdata/sdcard/workspace/proj/integrated-inspection/cpp/src/serial_port.cc:96 - Serial TX /dev/ttyS8 10/10 bytes: AA 55 25 00 02 00 14 08 C8 FF
[2026-07-02 14:20:31] [INFO] /userdata/sdcard/workspace/proj/integrated-inspection/cpp/src/serial_port.cc:150 - Serial RX /dev/ttyS8 4 bytes: AA 55 21 FF
[2026-07-02 14:20:33] [INFO] /userdata/sdcard/workspace/proj/integrated-inspection/cpp/src/serial_port.cc:96 - Serial TX /dev/ttyS8 10/10 bytes: AA 55 25 00 02 00 14 08 C8 FF
[2026-07-02 14:20:36] [INFO] /userdata/sdcard/workspace/proj/integrated-inspection/cpp/src/serial_port.cc:150 - Serial RX /dev/ttyS8 4 bytes: AA 55 21 FF
[2026-07-02 14:20:39] [INFO] /userdata/sdcard/workspace/proj/integrated-inspection/cpp/src/serial_port.cc:96 - Serial TX /dev/ttyS8 10/10 bytes: AA 55 25 00 02 00 14 08 C8 FF
[2026-07-02 14:20:42] [INFO] /userdata/sdcard/workspace/proj/integrated-inspection/cpp/src/serial_port.cc:150 - Serial RX /dev/ttyS8 4 bytes: AA 55 21 FF
[2026-07-02 14:20:44] [INFO] /userdata/sdcard/workspace/proj/integrated-inspection/cpp/src/serial_port.cc:96 - Serial TX /dev/ttyS8 10/10 bytes: AA 55 26 00 02 00 C8 91 8D FF
[2026-07-02 14:21:16] [INFO] /userdata/sdcard/workspace/proj/integrated-inspection/cpp/src/serial_port.cc:150 - Serial RX /dev/ttyS8 4 bytes: AA 55 22 FF
[2026-07-02 14:27:29] [INFO] /userdata/sdcard/workspace/proj/integrated-inspection/cpp/src/serial_port.cc:96 - Serial TX /dev/ttyS8 10/10 bytes: AA 55 25 00 02 00 14 08 C8 FF
[2026-07-02 14:27:32] [INFO] /userdata/sdcard/workspace/proj/integrated-inspection/cpp/src/serial_port.cc:150 - Serial RX /dev/ttyS8 4 bytes: AA 55 21 FF
[2026-07-02 14:27:32] [INFO] /userdata/sdcard/workspace/proj/integrated-inspection/cpp/src/serial_port.cc:96 - Serial TX /dev/ttyS8 10/10 bytes: AA 55 25 00 02 00 14 08 C8 FF
[2026-07-02 14:27:35] [INFO] /userdata/sdcard/workspace/proj/integrated-inspection/cpp/src/serial_port.cc:150 - Serial RX /dev/ttyS8 4 bytes: AA 55 21 FF
[2026-07-02 14:27:36] [INFO] /userdata/sdcard/workspace/proj/integrated-inspection/cpp/src/serial_port.cc:96 - Serial TX /dev/ttyS8 10/10 bytes: AA 55 25 00 02 00 14 08 C8 FF
[2026-07-02 14:27:39] [INFO] /userdata/sdcard/workspace/proj/integrated-inspection/cpp/src/serial_port.cc:150 - Serial RX /dev/ttyS8 4 bytes: AA 55 21 FF
[2026-07-02 14:27:39] [INFO] /userdata/sdcard/workspace/proj/integrated-inspection/cpp/src/serial_port.cc:96 - Serial TX /dev/ttyS8 10/10 bytes: AA 55 25 00 02 00 50 3B C8 FF
[2026-07-02 14:27:52] [INFO] /userdata/sdcard/workspace/proj/integrated-inspection/cpp/src/serial_port.cc:150 - Serial RX /dev/ttyS8 4 bytes: AA 55 21 FF
[2026-07-02 14:27:54] [INFO] /userdata/sdcard/workspace/proj/integrated-inspection/cpp/src/serial_port.cc:96 - Serial TX /dev/ttyS8 10/10 bytes: AA 55 25 00 02 00 14 08 C8 FF
[2026-07-02 14:27:57] [INFO] /userdata/sdcard/workspace/proj/integrated-inspection/cpp/src/serial_port.cc:150 - Serial RX /dev/ttyS8 4 bytes: AA 55 21 FF
[2026-07-02 14:27:59] [INFO] /userdata/sdcard/workspace/proj/integrated-inspection/cpp/src/serial_port.cc:96 - Serial TX /dev/ttyS8 10/10 bytes: AA 55 25 00 02 00 14 08 C8 FF
[2026-07-02 14:28:03] [INFO] /userdata/sdcard/workspace/proj/integrated-inspection/cpp/src/serial_port.cc:150 - Serial RX /dev/ttyS8 4 bytes: AA 55 21 FF
[2026-07-02 14:28:05] [INFO] /userdata/sdcard/workspace/proj/integrated-inspection/cpp/src/serial_port.cc:96 - Serial TX /dev/ttyS8 10/10 bytes: AA 55 25 00 02 00 14 08 C8 FF
[2026-07-02 14:28:08] [INFO] /userdata/sdcard/workspace/proj/integrated-inspection/cpp/src/serial_port.cc:150 - Serial RX /dev/ttyS8 4 bytes: AA 55 21 FF
[2026-07-02 14:28:10] [INFO] /userdata/sdcard/workspace/proj/integrated-inspection/cpp/src/serial_port.cc:96 - Serial TX /dev/ttyS8 10/10 bytes: AA 55 26 00 02 00 C8 91 8D FF
[2026-07-02 14:28:42] [INFO] /userdata/sdcard/workspace/proj/integrated-inspection/cpp/src/serial_port.cc:150 - Serial RX /dev/ttyS8 4 bytes: AA 55 22 FF
[2026-07-02 14:29:41] [INFO] /userdata/sdcard/workspace/proj/integrated-inspection/cpp/src/serial_port.cc:96 - Serial TX /dev/ttyS8 10/10 bytes: AA 55 25 00 02 00 14 08 C8 FF
[2026-07-02 14:29:44] [INFO] /userdata/sdcard/workspace/proj/integrated-inspection/cpp/src/serial_port.cc:150 - Serial RX /dev/ttyS8 4 bytes: AA 55 21 FF
[2026-07-02 14:29:45] [INFO] /userdata/sdcard/workspace/proj/integrated-inspection/cpp/src/serial_port.cc:96 - Serial TX /dev/ttyS8 10/10 bytes: AA 55 25 00 02 00 14 08 C8 FF
[2026-07-02 14:29:48] [INFO] /userdata/sdcard/workspace/proj/integrated-inspection/cpp/src/serial_port.cc:150 - Serial RX /dev/ttyS8 4 bytes: AA 55 21 FF
[2026-07-02 14:29:48] [INFO] /userdata/sdcard/workspace/proj/integrated-inspection/cpp/src/serial_port.cc:96 - Serial TX /dev/ttyS8 10/10 bytes: AA 55 25 00 02 00 14 08 C8 FF
[2026-07-02 14:29:51] [INFO] /userdata/sdcard/workspace/proj/integrated-inspection/cpp/src/serial_port.cc:150 - Serial RX /dev/ttyS8 4 bytes: AA 55 21 FF
[2026-07-02 14:29:51] [INFO] /userdata/sdcard/workspace/proj/integrated-inspection/cpp/src/serial_port.cc:96 - Serial TX /dev/ttyS8 10/10 bytes: AA 55 25 00 02 00 50 3B C8 FF
[2026-07-02 14:30:04] [INFO] /userdata/sdcard/workspace/proj/integrated-inspection/cpp/src/serial_port.cc:150 - Serial RX /dev/ttyS8 4 bytes: AA 55 21 FF
[2026-07-02 14:30:06] [INFO] /userdata/sdcard/workspace/proj/integrated-inspection/cpp/src/serial_port.cc:96 - Serial TX /dev/ttyS8 10/10 bytes: AA 55 25 00 02 00 14 08 C8 FF
[2026-07-02 14:30:10] [INFO] /userdata/sdcard/workspace/proj/integrated-inspection/cpp/src/serial_port.cc:150 - Serial RX /dev/ttyS8 4 bytes: AA 55 21 FF
[2026-07-02 14:30:12] [INFO] /userdata/sdcard/workspace/proj/integrated-inspection/cpp/src/serial_port.cc:96 - Serial TX /dev/ttyS8 10/10 bytes: AA 55 25 00 02 00 14 08 C8 FF
[2026-07-02 14:30:15] [INFO] /userdata/sdcard/workspace/proj/integrated-inspection/cpp/src/serial_port.cc:150 - Serial RX /dev/ttyS8 4 bytes: AA 55 21 FF
[2026-07-02 14:30:17] [INFO] /userdata/sdcard/workspace/proj/integrated-inspection/cpp/src/serial_port.cc:96 - Serial TX /dev/ttyS8 10/10 bytes: AA 55 25 00 02 00 14 08 C8 FF
[2026-07-02 14:30:20] [INFO] /userdata/sdcard/workspace/proj/integrated-inspection/cpp/src/serial_port.cc:150 - Serial RX /dev/ttyS8 4 bytes: AA 55 21 FF
[2026-07-02 14:30:22] [INFO] /userdata/sdcard/workspace/proj/integrated-inspection/cpp/src/serial_port.cc:96 - Serial TX /dev/ttyS8 10/10 bytes: AA 55 26 00 02 00 C8 91 8D FF
[2026-07-02 14:30:54] [INFO] /userdata/sdcard/workspace/proj/integrated-inspection/cpp/src/serial_port.cc:150 - Serial RX /dev/ttyS8 4 bytes: AA 55 22 FF
[2026-07-02 14:31:19] [INFO] /userdata/sdcard/workspace/proj/integrated-inspection/cpp/src/serial_port.cc:96 - Serial TX /dev/ttyS8 10/10 bytes: AA 55 25 00 02 00 14 08 C8 FF
[2026-07-02 14:31:22] [INFO] /userdata/sdcard/workspace/proj/integrated-inspection/cpp/src/serial_port.cc:150 - Serial RX /dev/ttyS8 4 bytes: AA 55 21 FF
[2026-07-02 14:31:23] [INFO] /userdata/sdcard/workspace/proj/integrated-inspection/cpp/src/serial_port.cc:96 - Serial TX /dev/ttyS8 10/10 bytes: AA 55 25 00 02 00 14 08 C8 FF
[2026-07-02 14:31:26] [INFO] /userdata/sdcard/workspace/proj/integrated-inspection/cpp/src/serial_port.cc:150 - Serial RX /dev/ttyS8 4 bytes: AA 55 21 FF
[2026-07-02 14:31:26] [INFO] /userdata/sdcard/workspace/proj/integrated-inspection/cpp/src/serial_port.cc:96 - Serial TX /dev/ttyS8 10/10 bytes: AA 55 25 00 02 00 14 08 C8 FF
[2026-07-02 14:31:29] [INFO] /userdata/sdcard/workspace/proj/integrated-inspection/cpp/src/serial_port.cc:150 - Serial RX /dev/ttyS8 4 bytes: AA 55 21 FF
[2026-07-02 14:31:30] [INFO] /userdata/sdcard/workspace/proj/integrated-inspection/cpp/src/serial_port.cc:96 - Serial TX /dev/ttyS8 10/10 bytes: AA 55 25 00 02 00 37 D1 89 FF
[2026-07-02 14:31:38] [INFO] /userdata/sdcard/workspace/proj/integrated-inspection/cpp/src/serial_port.cc:150 - Serial RX /dev/ttyS8 4 bytes: AA 55 21 FF
[2026-07-02 14:31:40] [INFO] /userdata/sdcard/workspace/proj/integrated-inspection/cpp/src/serial_port.cc:96 - Serial TX /dev/ttyS8 10/10 bytes: AA 55 25 00 02 00 14 08 C8 FF
[2026-07-02 14:31:44] [INFO] /userdata/sdcard/workspace/proj/integrated-inspection/cpp/src/serial_port.cc:150 - Serial RX /dev/ttyS8 4 bytes: AA 55 21 FF
[2026-07-02 14:31:46] [INFO] /userdata/sdcard/workspace/proj/integrated-inspection/cpp/src/serial_port.cc:96 - Serial TX /dev/ttyS8 10/10 bytes: AA 55 25 00 02 00 14 08 C8 FF
[2026-07-02 14:31:49] [INFO] /userdata/sdcard/workspace/proj/integrated-inspection/cpp/src/serial_port.cc:150 - Serial RX /dev/ttyS8 4 bytes: AA 55 21 FF
[2026-07-02 14:31:51] [INFO] /userdata/sdcard/workspace/proj/integrated-inspection/cpp/src/serial_port.cc:96 - Serial TX /dev/ttyS8 10/10 bytes: AA 55 25 00 02 00 14 08 C8 FF
[2026-07-02 14:31:54] [INFO] /userdata/sdcard/workspace/proj/integrated-inspection/cpp/src/serial_port.cc:150 - Serial RX /dev/ttyS8 4 bytes: AA 55 21 FF
[2026-07-02 14:31:56] [INFO] /userdata/sdcard/workspace/proj/integrated-inspection/cpp/src/serial_port.cc:96 - Serial TX /dev/ttyS8 10/10 bytes: AA 55 26 00 02 00 AF 7B CC FF
[2026-07-02 14:32:24] [INFO] /userdata/sdcard/workspace/proj/integrated-inspection/cpp/src/serial_port.cc:150 - Serial RX /dev/ttyS8 4 bytes: AA 55 22 FF
[2026-07-02 14:37:44] [INFO] /userdata/sdcard/workspace/proj/integrated-inspection/cpp/src/serial_port.cc:96 - Serial TX /dev/ttyS8 10/10 bytes: AA 55 25 00 02 00 14 08 C8 FF
[2026-07-02 14:37:47] [INFO] /userdata/sdcard/workspace/proj/integrated-inspection/cpp/src/serial_port.cc:150 - Serial RX /dev/ttyS8 4 bytes: AA 55 21 FF
[2026-07-02 14:37:47] [INFO] /userdata/sdcard/workspace/proj/integrated-inspection/cpp/src/serial_port.cc:96 - Serial TX /dev/ttyS8 10/10 bytes: AA 55 25 00 02 00 14 08 C8 FF
[2026-07-02 14:37:50] [INFO] /userdata/sdcard/workspace/proj/integrated-inspection/cpp/src/serial_port.cc:150 - Serial RX /dev/ttyS8 4 bytes: AA 55 21 FF
[2026-07-02 14:37:51] [INFO] /userdata/sdcard/workspace/proj/integrated-inspection/cpp/src/serial_port.cc:96 - Serial TX /dev/ttyS8 10/10 bytes: AA 55 25 00 02 00 14 08 C8 FF
[2026-07-02 14:37:54] [INFO] /userdata/sdcard/workspace/proj/integrated-inspection/cpp/src/serial_port.cc:150 - Serial RX /dev/ttyS8 4 bytes: AA 55 21 FF
[2026-07-02 14:37:54] [INFO] /userdata/sdcard/workspace/proj/integrated-inspection/cpp/src/serial_port.cc:96 - Serial TX /dev/ttyS8 10/10 bytes: AA 55 25 00 02 00 3C 16 C8 FF
[2026-07-02 14:38:04] [INFO] /userdata/sdcard/workspace/proj/integrated-inspection/cpp/src/serial_port.cc:150 - Serial RX /dev/ttyS8 4 bytes: AA 55 21 FF
[2026-07-02 14:38:06] [INFO] /userdata/sdcard/workspace/proj/integrated-inspection/cpp/src/serial_port.cc:96 - Serial TX /dev/ttyS8 10/10 bytes: AA 55 25 00 02 00 14 08 C8 FF
[2026-07-02 14:38:09] [INFO] /userdata/sdcard/workspace/proj/integrated-inspection/cpp/src/serial_port.cc:150 - Serial RX /dev/ttyS8 4 bytes: AA 55 21 FF
[2026-07-02 14:38:11] [INFO] /userdata/sdcard/workspace/proj/integrated-inspection/cpp/src/serial_port.cc:96 - Serial TX /dev/ttyS8 10/10 bytes: AA 55 25 00 02 00 14 08 C8 FF
[2026-07-02 14:38:15] [INFO] /userdata/sdcard/workspace/proj/integrated-inspection/cpp/src/serial_port.cc:150 - Serial RX /dev/ttyS8 4 bytes: AA 55 21 FF
[2026-07-02 14:38:17] [INFO] /userdata/sdcard/workspace/proj/integrated-inspection/cpp/src/serial_port.cc:96 - Serial TX /dev/ttyS8 10/10 bytes: AA 55 25 00 02 00 14 08 C8 FF
[2026-07-02 14:38:20] [INFO] /userdata/sdcard/workspace/proj/integrated-inspection/cpp/src/serial_port.cc:150 - Serial RX /dev/ttyS8 4 bytes: AA 55 21 FF
[2026-07-02 14:38:22] [INFO] /userdata/sdcard/workspace/proj/integrated-inspection/cpp/src/serial_port.cc:96 - Serial TX /dev/ttyS8 10/10 bytes: AA 55 26 00 02 00 B4 70 8C FF
[2026-07-02 14:38:51] [INFO] /userdata/sdcard/workspace/proj/integrated-inspection/cpp/src/serial_port.cc:150 - Serial RX /dev/ttyS8 4 bytes: AA 55 22 FF
[2026-07-02 14:42:15] [INFO] /userdata/sdcard/workspace/proj/integrated-inspection/cpp/src/serial_port.cc:96 - Serial TX /dev/ttyS8 10/10 bytes: AA 55 25 00 02 00 14 08 C8 FF
[2026-07-02 14:42:18] [INFO] /userdata/sdcard/workspace/proj/integrated-inspection/cpp/src/serial_port.cc:150 - Serial RX /dev/ttyS8 4 bytes: AA 55 21 FF
[2026-07-02 14:42:19] [INFO] /userdata/sdcard/workspace/proj/integrated-inspection/cpp/src/serial_port.cc:96 - Serial TX /dev/ttyS8 10/10 bytes: AA 55 25 00 02 00 14 08 C8 FF
[2026-07-02 14:42:22] [INFO] /userdata/sdcard/workspace/proj/integrated-inspection/cpp/src/serial_port.cc:150 - Serial RX /dev/ttyS8 4 bytes: AA 55 21 FF
[2026-07-02 14:42:22] [INFO] /userdata/sdcard/workspace/proj/integrated-inspection/cpp/src/serial_port.cc:96 - Serial TX /dev/ttyS8 10/10 bytes: AA 55 25 00 02 00 14 08 C8 FF
[2026-07-02 14:42:25] [INFO] /userdata/sdcard/workspace/proj/integrated-inspection/cpp/src/serial_port.cc:150 - Serial RX /dev/ttyS8 4 bytes: AA 55 21 FF
[2026-07-02 14:42:25] [INFO] /userdata/sdcard/workspace/proj/integrated-inspection/cpp/src/serial_port.cc:96 - Serial TX /dev/ttyS8 10/10 bytes: AA 55 25 00 02 00 3C 16 C8 FF
[2026-07-02 14:42:35] [INFO] /userdata/sdcard/workspace/proj/integrated-inspection/cpp/src/serial_port.cc:150 - Serial RX /dev/ttyS8 4 bytes: AA 55 21 FF
[2026-07-02 14:42:37] [INFO] /userdata/sdcard/workspace/proj/integrated-inspection/cpp/src/serial_port.cc:96 - Serial TX /dev/ttyS8 10/10 bytes: AA 55 25 00 02 00 14 08 C8 FF
[2026-07-02 14:42:40] [INFO] /userdata/sdcard/workspace/proj/integrated-inspection/cpp/src/serial_port.cc:150 - Serial RX /dev/ttyS8 4 bytes: AA 55 21 FF
[2026-07-02 14:42:43] [INFO] /userdata/sdcard/workspace/proj/integrated-inspection/cpp/src/serial_port.cc:96 - Serial TX /dev/ttyS8 10/10 bytes: AA 55 25 00 02 00 14 08 C8 FF
[2026-07-02 14:42:46] [INFO] /userdata/sdcard/workspace/proj/integrated-inspection/cpp/src/serial_port.cc:150 - Serial RX /dev/ttyS8 4 bytes: AA 55 21 FF
[2026-07-02 14:42:48] [INFO] /userdata/sdcard/workspace/proj/integrated-inspection/cpp/src/serial_port.cc:96 - Serial TX /dev/ttyS8 10/10 bytes: AA 55 25 00 02 00 14 08 C8 FF
[2026-07-02 14:42:51] [INFO] /userdata/sdcard/workspace/proj/integrated-inspection/cpp/src/serial_port.cc:150 - Serial RX /dev/ttyS8 4 bytes: AA 55 21 FF
[2026-07-02 14:42:53] [INFO] /userdata/sdcard/workspace/proj/integrated-inspection/cpp/src/serial_port.cc:96 - Serial TX /dev/ttyS8 10/10 bytes: AA 55 26 00 02 00 B4 70 8C FF
[2026-07-02 14:43:22] [INFO] /userdata/sdcard/workspace/proj/integrated-inspection/cpp/src/serial_port.cc:150 - Serial RX /dev/ttyS8 4 bytes: AA 55 22 FF
[2026-07-02 14:44:04] [INFO] /userdata/sdcard/workspace/proj/integrated-inspection/cpp/src/serial_port.cc:75 - Serial port /dev/ttyS9 closed
[2026-07-02 14:44:04] [INFO] /userdata/sdcard/workspace/proj/integrated-inspection/cpp/src/serial_port.cc:75 - Serial port /dev/ttyS8 closed
[2026-07-02 14:44:10] [INFO] /userdata/sdcard/workspace/proj/integrated-inspection/cpp/src/serial_port.cc:62 - Serial port /dev/ttyS9 opened successfully, baud=115200 data=8 stop=1 parity=N
[2026-07-02 14:44:10] [INFO] /userdata/sdcard/workspace/proj/integrated-inspection/cpp/src/serial_port.cc:62 - Serial port /dev/ttyS8 opened successfully, baud=115200 data=8 stop=1 parity=N
[2026-07-02 14:44:15] [INFO] /userdata/sdcard/workspace/proj/integrated-inspection/cpp/src/serial_port.cc:75 - Serial port /dev/ttyS9 closed
[2026-07-02 14:44:15] [INFO] /userdata/sdcard/workspace/proj/integrated-inspection/cpp/src/serial_port.cc:75 - Serial port /dev/ttyS8 closed
[2026-07-02 14:45:08] [INFO] /userdata/sdcard/workspace/proj/integrated-inspection/cpp/src/serial_port.cc:62 - Serial port /dev/ttyS9 opened successfully, baud=115200 data=8 stop=1 parity=N
[2026-07-02 14:45:08] [INFO] /userdata/sdcard/workspace/proj/integrated-inspection/cpp/src/serial_port.cc:62 - Serial port /dev/ttyS8 opened successfully, baud=115200 data=8 stop=1 parity=N
[2026-07-02 14:45:22] [INFO] /userdata/sdcard/workspace/proj/integrated-inspection/cpp/src/serial_port.cc:75 - Serial port /dev/ttyS9 closed
[2026-07-02 14:45:22] [INFO] /userdata/sdcard/workspace/proj/integrated-inspection/cpp/src/serial_port.cc:75 - Serial port /dev/ttyS8 closed
[2026-07-02 14:45:34] [INFO] /userdata/sdcard/workspace/proj/integrated-inspection/cpp/src/serial_port.cc:62 - Serial port /dev/ttyS9 opened successfully, baud=115200 data=8 stop=1 parity=N
[2026-07-02 14:45:34] [INFO] /userdata/sdcard/workspace/proj/integrated-inspection/cpp/src/serial_port.cc:62 - Serial port /dev/ttyS8 opened successfully, baud=115200 data=8 stop=1 parity=N
[2026-07-02 14:48:55] [INFO] /userdata/sdcard/workspace/proj/integrated-inspection/cpp/src/serial_port.cc:75 - Serial port /dev/ttyS9 closed
[2026-07-02 14:48:55] [INFO] /userdata/sdcard/workspace/proj/integrated-inspection/cpp/src/serial_port.cc:75 - Serial port /dev/ttyS8 closed
[2026-07-02 14:49:00] [INFO] /userdata/sdcard/workspace/proj/integrated-inspection/cpp/src/serial_port.cc:62 - Serial port /dev/ttyS9 opened successfully, baud=115200 data=8 stop=1 parity=N
[2026-07-02 14:49:00] [INFO] /userdata/sdcard/workspace/proj/integrated-inspection/cpp/src/serial_port.cc:62 - Serial port /dev/ttyS8 opened successfully, baud=115200 data=8 stop=1 parity=N
[2026-07-02 14:39:40] [INFO] /userdata/sdcard/workspace/proj/integrated-inspection/cpp/src/serial_port.cc:62 - Serial port /dev/ttyS9 opened successfully, baud=115200 data=8 stop=1 parity=N
[2026-07-02 14:39:40] [INFO] /userdata/sdcard/workspace/proj/integrated-inspection/cpp/src/serial_port.cc:62 - Serial port /dev/ttyS8 opened successfully, baud=115200 data=8 stop=1 parity=N
[2026-07-02 16:17:55] [INFO] /userdata/sdcard/workspace/proj/integrated-inspection/cpp/src/serial_port.cc:96 - Serial TX /dev/ttyS9 14/14 bytes: AA 55 01 00 06 00 00 03 EA 64 79 F2 AB FF
[2026-07-02 16:17:59] [INFO] /userdata/sdcard/workspace/proj/integrated-inspection/cpp/src/serial_port.cc:150 - Serial RX /dev/ttyS9 13 bytes: AA 55 02 00 05 00 00 03 EA 00 E7 7E FF
[2026-07-02 16:18:18] [INFO] /userdata/sdcard/workspace/proj/integrated-inspection/cpp/src/serial_port.cc:96 - Serial TX /dev/ttyS9 9/9 bytes: AA 55 10 00 01 00 74 05 FF
[2026-07-02 16:18:20] [INFO] /userdata/sdcard/workspace/proj/integrated-inspection/cpp/src/serial_port.cc:150 - Serial RX /dev/ttyS9 16 bytes: AA 55 11 00 08 00 00 03 EA 6A 46 1E 93 3C 9D FF
[2026-07-02 16:18:42] [INFO] /userdata/sdcard/workspace/proj/integrated-inspection/cpp/src/serial_port.cc:96 - Serial TX /dev/ttyS9 12/12 bytes: AA 55 20 00 04 00 00 03 EA 7D 4A FF
[2026-07-02 16:18:43] [INFO] /userdata/sdcard/workspace/proj/integrated-inspection/cpp/src/serial_port.cc:150 - Serial RX /dev/ttyS9 24 bytes: AA 55 21 00 10 00 00 03 EA 6A 46 1E 93 6A 46 1E AA 00 00 00 17 CE 0B FF
[2026-07-02 16:24:38] [INFO] /userdata/sdcard/workspace/proj/integrated-inspection/cpp/src/serial_port.cc:96 - Serial TX /dev/ttyS8 10/10 bytes: AA 55 25 00 02 00 14 08 C8 FF
[2026-07-02 16:24:41] [INFO] /userdata/sdcard/workspace/proj/integrated-inspection/cpp/src/serial_port.cc:150 - Serial RX /dev/ttyS8 4 bytes: AA 55 21 FF
[2026-07-02 16:24:41] [INFO] /userdata/sdcard/workspace/proj/integrated-inspection/cpp/src/serial_port.cc:96 - Serial TX /dev/ttyS8 10/10 bytes: AA 55 25 00 02 00 14 08 C8 FF
[2026-07-02 16:24:44] [INFO] /userdata/sdcard/workspace/proj/integrated-inspection/cpp/src/serial_port.cc:150 - Serial RX /dev/ttyS8 4 bytes: AA 55 21 FF
[2026-07-02 16:24:45] [INFO] /userdata/sdcard/workspace/proj/integrated-inspection/cpp/src/serial_port.cc:96 - Serial TX /dev/ttyS8 10/10 bytes: AA 55 25 00 02 00 14 08 C8 FF
[2026-07-02 16:24:48] [INFO] /userdata/sdcard/workspace/proj/integrated-inspection/cpp/src/serial_port.cc:150 - Serial RX /dev/ttyS8 4 bytes: AA 55 21 FF
[2026-07-02 16:24:48] [INFO] /userdata/sdcard/workspace/proj/integrated-inspection/cpp/src/serial_port.cc:96 - Serial TX /dev/ttyS8 10/10 bytes: AA 55 25 00 02 00 3C 16 C8 FF
[2026-07-02 16:24:58] [INFO] /userdata/sdcard/workspace/proj/integrated-inspection/cpp/src/serial_port.cc:150 - Serial RX /dev/ttyS8 4 bytes: AA 55 21 FF
[2026-07-02 16:25:00] [INFO] /userdata/sdcard/workspace/proj/integrated-inspection/cpp/src/serial_port.cc:96 - Serial TX /dev/ttyS8 10/10 bytes: AA 55 25 00 02 00 14 08 C8 FF
[2026-07-02 16:25:03] [INFO] /userdata/sdcard/workspace/proj/integrated-inspection/cpp/src/serial_port.cc:150 - Serial RX /dev/ttyS8 4 bytes: AA 55 21 FF
[2026-07-02 16:25:05] [INFO] /userdata/sdcard/workspace/proj/integrated-inspection/cpp/src/serial_port.cc:96 - Serial TX /dev/ttyS8 10/10 bytes: AA 55 25 00 02 00 14 08 C8 FF
[2026-07-02 16:25:08] [INFO] /userdata/sdcard/workspace/proj/integrated-inspection/cpp/src/serial_port.cc:150 - Serial RX /dev/ttyS8 4 bytes: AA 55 21 FF
[2026-07-02 16:25:11] [INFO] /userdata/sdcard/workspace/proj/integrated-inspection/cpp/src/serial_port.cc:96 - Serial TX /dev/ttyS8 10/10 bytes: AA 55 25 00 02 00 14 08 C8 FF
[2026-07-02 16:25:14] [INFO] /userdata/sdcard/workspace/proj/integrated-inspection/cpp/src/serial_port.cc:150 - Serial RX /dev/ttyS8 4 bytes: AA 55 21 FF
[2026-07-02 16:25:16] [INFO] /userdata/sdcard/workspace/proj/integrated-inspection/cpp/src/serial_port.cc:96 - Serial TX /dev/ttyS8 10/10 bytes: AA 55 26 00 02 00 B4 70 8C FF
[2026-07-02 16:25:45] [INFO] /userdata/sdcard/workspace/proj/integrated-inspection/cpp/src/serial_port.cc:150 - Serial RX /dev/ttyS8 4 bytes: AA 55 22 FF
[2026-07-02 16:28:34] [INFO] /userdata/sdcard/workspace/proj/integrated-inspection/cpp/src/serial_port.cc:75 - Serial port /dev/ttyS9 closed
[2026-07-02 16:28:34] [INFO] /userdata/sdcard/workspace/proj/integrated-inspection/cpp/src/serial_port.cc:75 - Serial port /dev/ttyS8 closed
[2026-07-02 16:28:41] [INFO] /userdata/sdcard/workspace/proj/integrated-inspection/cpp/src/serial_port.cc:62 - Serial port /dev/ttyS9 opened successfully, baud=115200 data=8 stop=1 parity=N
[2026-07-02 16:28:41] [INFO] /userdata/sdcard/workspace/proj/integrated-inspection/cpp/src/serial_port.cc:62 - Serial port /dev/ttyS8 opened successfully, baud=115200 data=8 stop=1 parity=N
[2026-07-02 16:29:36] [INFO] /userdata/sdcard/workspace/proj/integrated-inspection/cpp/src/serial_port.cc:150 - Serial RX /dev/ttyS8 1 bytes: 00
[2026-07-02 16:29:36] [INFO] /userdata/sdcard/workspace/proj/integrated-inspection/cpp/src/serial_port.cc:150 - Serial RX /dev/ttyS8 1 bytes: FE
[2026-07-02 16:29:36] [INFO] /userdata/sdcard/workspace/proj/integrated-inspection/cpp/src/serial_port.cc:150 - Serial RX /dev/ttyS8 1 bytes: 00
[2026-07-02 16:29:36] [INFO] /userdata/sdcard/workspace/proj/integrated-inspection/cpp/src/serial_port.cc:150 - Serial RX /dev/ttyS8 1 bytes: D2
[2026-07-02 16:29:36] [INFO] /userdata/sdcard/workspace/proj/integrated-inspection/cpp/src/serial_port.cc:150 - Serial RX /dev/ttyS8 1 bytes: FF
[2026-07-02 16:29:36] [INFO] /userdata/sdcard/workspace/proj/integrated-inspection/cpp/src/serial_port.cc:150 - Serial RX /dev/ttyS8 1 bytes: 42
[2026-07-02 16:29:36] [INFO] /userdata/sdcard/workspace/proj/integrated-inspection/cpp/src/serial_port.cc:150 - Serial RX /dev/ttyS8 2 bytes: 00 00
[2026-07-02 16:29:36] [INFO] /userdata/sdcard/workspace/proj/integrated-inspection/cpp/src/serial_port.cc:150 - Serial RX /dev/ttyS8 1 bytes: E0
[2026-07-02 16:29:36] [INFO] /userdata/sdcard/workspace/proj/integrated-inspection/cpp/src/serial_port.cc:150 - Serial RX /dev/ttyS8 1 bytes: FF
[2026-07-02 16:29:36] [INFO] /userdata/sdcard/workspace/proj/integrated-inspection/cpp/src/serial_port.cc:150 - Serial RX /dev/ttyS8 1 bytes: FE
[2026-07-02 16:48:59] [INFO] /userdata/sdcard/workspace/proj/integrated-inspection/cpp/src/serial_port.cc:96 - Serial TX /dev/ttyS8 10/10 bytes: AA 55 25 00 02 00 14 08 C8 FF
[2026-07-02 16:49:02] [INFO] /userdata/sdcard/workspace/proj/integrated-inspection/cpp/src/serial_port.cc:150 - Serial RX /dev/ttyS8 4 bytes: AA 55 21 FF
[2026-07-02 16:49:03] [INFO] /userdata/sdcard/workspace/proj/integrated-inspection/cpp/src/serial_port.cc:96 - Serial TX /dev/ttyS8 10/10 bytes: AA 55 25 00 02 00 14 08 C8 FF
[2026-07-02 16:49:06] [INFO] /userdata/sdcard/workspace/proj/integrated-inspection/cpp/src/serial_port.cc:150 - Serial RX /dev/ttyS8 4 bytes: AA 55 21 FF
[2026-07-02 16:49:06] [INFO] /userdata/sdcard/workspace/proj/integrated-inspection/cpp/src/serial_port.cc:96 - Serial TX /dev/ttyS8 10/10 bytes: AA 55 25 00 02 00 14 08 C8 FF
[2026-07-02 16:49:10] [INFO] /userdata/sdcard/workspace/proj/integrated-inspection/cpp/src/serial_port.cc:150 - Serial RX /dev/ttyS8 4 bytes: AA 55 21 FF
[2026-07-02 16:49:10] [INFO] /userdata/sdcard/workspace/proj/integrated-inspection/cpp/src/serial_port.cc:96 - Serial TX /dev/ttyS8 10/10 bytes: AA 55 25 00 02 00 3C 16 C8 FF
[2026-07-02 16:49:19] [INFO] /userdata/sdcard/workspace/proj/integrated-inspection/cpp/src/serial_port.cc:150 - Serial RX /dev/ttyS8 4 bytes: AA 55 21 FF
[2026-07-02 16:49:22] [INFO] /userdata/sdcard/workspace/proj/integrated-inspection/cpp/src/serial_port.cc:96 - Serial TX /dev/ttyS8 10/10 bytes: AA 55 25 00 02 00 14 08 C8 FF
[2026-07-02 16:49:25] [INFO] /userdata/sdcard/workspace/proj/integrated-inspection/cpp/src/serial_port.cc:150 - Serial RX /dev/ttyS8 4 bytes: AA 55 21 FF
[2026-07-02 16:49:27] [INFO] /userdata/sdcard/workspace/proj/integrated-inspection/cpp/src/serial_port.cc:96 - Serial TX /dev/ttyS8 10/10 bytes: AA 55 25 00 02 00 14 08 C8 FF
[2026-07-02 16:49:30] [INFO] /userdata/sdcard/workspace/proj/integrated-inspection/cpp/src/serial_port.cc:150 - Serial RX /dev/ttyS8 4 bytes: AA 55 21 FF
[2026-07-02 16:49:32] [INFO] /userdata/sdcard/workspace/proj/integrated-inspection/cpp/src/serial_port.cc:96 - Serial TX /dev/ttyS8 10/10 bytes: AA 55 25 00 02 00 14 08 C8 FF
[2026-07-02 16:49:35] [INFO] /userdata/sdcard/workspace/proj/integrated-inspection/cpp/src/serial_port.cc:150 - Serial RX /dev/ttyS8 4 bytes: AA 55 21 FF
[2026-07-02 16:49:38] [INFO] /userdata/sdcard/workspace/proj/integrated-inspection/cpp/src/serial_port.cc:96 - Serial TX /dev/ttyS8 10/10 bytes: AA 55 26 00 02 00 B4 70 8C FF
[2026-07-02 16:49:42] [INFO] /userdata/sdcard/workspace/proj/integrated-inspection/cpp/src/serial_port.cc:75 - Serial port /dev/ttyS9 closed
[2026-07-02 16:49:42] [INFO] /userdata/sdcard/workspace/proj/integrated-inspection/cpp/src/serial_port.cc:75 - Serial port /dev/ttyS8 closed
[2026-07-02 16:50:53] [INFO] /userdata/sdcard/workspace/proj/integrated-inspection/cpp/src/serial_port.cc:62 - Serial port /dev/ttyS9 opened successfully, baud=115200 data=8 stop=1 parity=N
[2026-07-02 16:50:53] [INFO] /userdata/sdcard/workspace/proj/integrated-inspection/cpp/src/serial_port.cc:62 - Serial port /dev/ttyS8 opened successfully, baud=115200 data=8 stop=1 parity=N
[2026-07-02 16:52:44] [INFO] /userdata/sdcard/workspace/proj/integrated-inspection/cpp/src/serial_port.cc:96 - Serial TX /dev/ttyS8 10/10 bytes: AA 55 25 00 02 00 14 08 C8 FF
[2026-07-02 16:52:47] [INFO] /userdata/sdcard/workspace/proj/integrated-inspection/cpp/src/serial_port.cc:150 - Serial RX /dev/ttyS8 4 bytes: AA 55 21 FF
[2026-07-02 16:52:48] [INFO] /userdata/sdcard/workspace/proj/integrated-inspection/cpp/src/serial_port.cc:96 - Serial TX /dev/ttyS8 10/10 bytes: AA 55 25 00 02 00 14 08 C8 FF
[2026-07-02 16:52:51] [INFO] /userdata/sdcard/workspace/proj/integrated-inspection/cpp/src/serial_port.cc:150 - Serial RX /dev/ttyS8 4 bytes: AA 55 21 FF
[2026-07-02 16:52:51] [INFO] /userdata/sdcard/workspace/proj/integrated-inspection/cpp/src/serial_port.cc:96 - Serial TX /dev/ttyS8 10/10 bytes: AA 55 25 00 02 00 14 08 C8 FF
[2026-07-02 16:52:54] [INFO] /userdata/sdcard/workspace/proj/integrated-inspection/cpp/src/serial_port.cc:150 - Serial RX /dev/ttyS8 4 bytes: AA 55 21 FF
[2026-07-02 16:52:55] [INFO] /userdata/sdcard/workspace/proj/integrated-inspection/cpp/src/serial_port.cc:96 - Serial TX /dev/ttyS8 10/10 bytes: AA 55 25 00 02 00 3C 16 C8 FF
[2026-07-02 16:53:04] [INFO] /userdata/sdcard/workspace/proj/integrated-inspection/cpp/src/serial_port.cc:150 - Serial RX /dev/ttyS8 4 bytes: AA 55 21 FF
[2026-07-02 16:53:06] [INFO] /userdata/sdcard/workspace/proj/integrated-inspection/cpp/src/serial_port.cc:96 - Serial TX /dev/ttyS8 10/10 bytes: AA 55 25 00 02 00 14 08 C8 FF
[2026-07-02 16:53:10] [INFO] /userdata/sdcard/workspace/proj/integrated-inspection/cpp/src/serial_port.cc:150 - Serial RX /dev/ttyS8 4 bytes: AA 55 21 FF
[2026-07-02 16:53:12] [INFO] /userdata/sdcard/workspace/proj/integrated-inspection/cpp/src/serial_port.cc:96 - Serial TX /dev/ttyS8 10/10 bytes: AA 55 25 00 02 00 14 08 C8 FF
[2026-07-02 16:53:15] [INFO] /userdata/sdcard/workspace/proj/integrated-inspection/cpp/src/serial_port.cc:150 - Serial RX /dev/ttyS8 4 bytes: AA 55 21 FF
[2026-07-02 16:53:17] [INFO] /userdata/sdcard/workspace/proj/integrated-inspection/cpp/src/serial_port.cc:96 - Serial TX /dev/ttyS8 10/10 bytes: AA 55 25 00 02 00 14 08 C8 FF
[2026-07-02 16:53:20] [INFO] /userdata/sdcard/workspace/proj/integrated-inspection/cpp/src/serial_port.cc:150 - Serial RX /dev/ttyS8 4 bytes: AA 55 21 FF
[2026-07-02 16:53:23] [INFO] /userdata/sdcard/workspace/proj/integrated-inspection/cpp/src/serial_port.cc:96 - Serial TX /dev/ttyS8 10/10 bytes: AA 55 26 00 02 00 B4 70 8C FF
[2026-07-02 16:53:29] [INFO] /userdata/sdcard/workspace/proj/integrated-inspection/cpp/src/serial_port.cc:75 - Serial port /dev/ttyS9 closed
[2026-07-02 16:53:29] [INFO] /userdata/sdcard/workspace/proj/integrated-inspection/cpp/src/serial_port.cc:75 - Serial port /dev/ttyS8 closed
[2026-07-02 16:54:34] [INFO] /userdata/sdcard/workspace/proj/integrated-inspection/cpp/src/serial_port.cc:62 - Serial port /dev/ttyS9 opened successfully, baud=115200 data=8 stop=1 parity=N
[2026-07-02 16:54:34] [INFO] /userdata/sdcard/workspace/proj/integrated-inspection/cpp/src/serial_port.cc:62 - Serial port /dev/ttyS8 opened successfully, baud=115200 data=8 stop=1 parity=N
[2026-07-02 16:56:29] [INFO] /userdata/sdcard/workspace/proj/integrated-inspection/cpp/src/serial_port.cc:96 - Serial TX /dev/ttyS8 10/10 bytes: AA 55 25 00 02 00 14 08 C8 FF
[2026-07-02 16:56:32] [INFO] /userdata/sdcard/workspace/proj/integrated-inspection/cpp/src/serial_port.cc:150 - Serial RX /dev/ttyS8 4 bytes: AA 55 21 FF
[2026-07-02 16:56:33] [INFO] /userdata/sdcard/workspace/proj/integrated-inspection/cpp/src/serial_port.cc:96 - Serial TX /dev/ttyS8 10/10 bytes: AA 55 25 00 02 00 14 08 C8 FF
[2026-07-02 16:56:36] [INFO] /userdata/sdcard/workspace/proj/integrated-inspection/cpp/src/serial_port.cc:150 - Serial RX /dev/ttyS8 4 bytes: AA 55 21 FF
[2026-07-02 16:56:36] [INFO] /userdata/sdcard/workspace/proj/integrated-inspection/cpp/src/serial_port.cc:96 - Serial TX /dev/ttyS8 10/10 bytes: AA 55 25 00 02 00 14 08 C8 FF
[2026-07-02 16:56:39] [INFO] /userdata/sdcard/workspace/proj/integrated-inspection/cpp/src/serial_port.cc:150 - Serial RX /dev/ttyS8 4 bytes: AA 55 21 FF
[2026-07-02 16:56:40] [INFO] /userdata/sdcard/workspace/proj/integrated-inspection/cpp/src/serial_port.cc:96 - Serial TX /dev/ttyS8 10/10 bytes: AA 55 25 00 02 00 3C 16 C8 FF
[2026-07-02 16:56:49] [INFO] /userdata/sdcard/workspace/proj/integrated-inspection/cpp/src/serial_port.cc:150 - Serial RX /dev/ttyS8 4 bytes: AA 55 21 FF
[2026-07-02 16:56:51] [INFO] /userdata/sdcard/workspace/proj/integrated-inspection/cpp/src/serial_port.cc:96 - Serial TX /dev/ttyS8 10/10 bytes: AA 55 25 00 02 00 14 08 C8 FF
[2026-07-02 16:56:55] [INFO] /userdata/sdcard/workspace/proj/integrated-inspection/cpp/src/serial_port.cc:150 - Serial RX /dev/ttyS8 4 bytes: AA 55 21 FF
[2026-07-02 16:56:57] [INFO] /userdata/sdcard/workspace/proj/integrated-inspection/cpp/src/serial_port.cc:96 - Serial TX /dev/ttyS8 10/10 bytes: AA 55 25 00 02 00 14 08 C8 FF
[2026-07-02 16:57:00] [INFO] /userdata/sdcard/workspace/proj/integrated-inspection/cpp/src/serial_port.cc:150 - Serial RX /dev/ttyS8 4 bytes: AA 55 21 FF
[2026-07-02 16:57:02] [INFO] /userdata/sdcard/workspace/proj/integrated-inspection/cpp/src/serial_port.cc:96 - Serial TX /dev/ttyS8 10/10 bytes: AA 55 25 00 02 00 14 08 C8 FF
[2026-07-02 16:57:05] [INFO] /userdata/sdcard/workspace/proj/integrated-inspection/cpp/src/serial_port.cc:150 - Serial RX /dev/ttyS8 4 bytes: AA 55 21 FF
[2026-07-02 16:57:07] [INFO] /userdata/sdcard/workspace/proj/integrated-inspection/cpp/src/serial_port.cc:96 - Serial TX /dev/ttyS8 10/10 bytes: AA 55 26 00 02 00 B4 70 8C FF
[2026-07-02 16:57:36] [INFO] /userdata/sdcard/workspace/proj/integrated-inspection/cpp/src/serial_port.cc:150 - Serial RX /dev/ttyS8 4 bytes: AA 55 22 FF
[2026-07-02 17:00:26] [INFO] /userdata/sdcard/workspace/proj/integrated-inspection/cpp/src/serial_port.cc:96 - Serial TX /dev/ttyS8 10/10 bytes: AA 55 25 00 02 00 14 08 C8 FF
[2026-07-02 17:00:29] [INFO] /userdata/sdcard/workspace/proj/integrated-inspection/cpp/src/serial_port.cc:150 - Serial RX /dev/ttyS8 4 bytes: AA 55 21 FF
[2026-07-02 17:00:29] [INFO] /userdata/sdcard/workspace/proj/integrated-inspection/cpp/src/serial_port.cc:96 - Serial TX /dev/ttyS8 10/10 bytes: AA 55 25 00 02 00 14 08 C8 FF
[2026-07-02 17:00:32] [INFO] /userdata/sdcard/workspace/proj/integrated-inspection/cpp/src/serial_port.cc:150 - Serial RX /dev/ttyS8 4 bytes: AA 55 21 FF
[2026-07-02 17:00:33] [INFO] /userdata/sdcard/workspace/proj/integrated-inspection/cpp/src/serial_port.cc:96 - Serial TX /dev/ttyS8 10/10 bytes: AA 55 25 00 02 00 14 08 C8 FF
[2026-07-02 17:00:36] [INFO] /userdata/sdcard/workspace/proj/integrated-inspection/cpp/src/serial_port.cc:150 - Serial RX /dev/ttyS8 4 bytes: AA 55 21 FF
[2026-07-02 17:00:36] [INFO] /userdata/sdcard/workspace/proj/integrated-inspection/cpp/src/serial_port.cc:96 - Serial TX /dev/ttyS8 10/10 bytes: AA 55 25 00 02 00 3C 16 C8 FF
[2026-07-02 17:00:46] [INFO] /userdata/sdcard/workspace/proj/integrated-inspection/cpp/src/serial_port.cc:150 - Serial RX /dev/ttyS8 4 bytes: AA 55 21 FF
[2026-07-02 17:00:48] [INFO] /userdata/sdcard/workspace/proj/integrated-inspection/cpp/src/serial_port.cc:96 - Serial TX /dev/ttyS8 10/10 bytes: AA 55 25 00 02 00 14 08 C8 FF
[2026-07-02 17:00:51] [INFO] /userdata/sdcard/workspace/proj/integrated-inspection/cpp/src/serial_port.cc:150 - Serial RX /dev/ttyS8 4 bytes: AA 55 21 FF
[2026-07-02 17:00:53] [INFO] /userdata/sdcard/workspace/proj/integrated-inspection/cpp/src/serial_port.cc:96 - Serial TX /dev/ttyS8 10/10 bytes: AA 55 25 00 02 00 14 08 C8 FF
[2026-07-02 17:00:57] [INFO] /userdata/sdcard/workspace/proj/integrated-inspection/cpp/src/serial_port.cc:150 - Serial RX /dev/ttyS8 4 bytes: AA 55 21 FF
[2026-07-02 17:00:59] [INFO] /userdata/sdcard/workspace/proj/integrated-inspection/cpp/src/serial_port.cc:96 - Serial TX /dev/ttyS8 10/10 bytes: AA 55 25 00 02 00 14 08 C8 FF
[2026-07-02 17:01:02] [INFO] /userdata/sdcard/workspace/proj/integrated-inspection/cpp/src/serial_port.cc:150 - Serial RX /dev/ttyS8 4 bytes: AA 55 21 FF
[2026-07-02 17:01:04] [INFO] /userdata/sdcard/workspace/proj/integrated-inspection/cpp/src/serial_port.cc:96 - Serial TX /dev/ttyS8 10/10 bytes: AA 55 26 00 02 00 B4 70 8C FF
[2026-07-02 17:01:33] [INFO] /userdata/sdcard/workspace/proj/integrated-inspection/cpp/src/serial_port.cc:150 - Serial RX /dev/ttyS8 4 bytes: AA 55 22 FF
[2026-07-02 17:02:34] [INFO] /userdata/sdcard/workspace/proj/integrated-inspection/cpp/src/serial_port.cc:150 - Serial RX /dev/ttyS8 1 bytes: FF
[2026-07-02 17:03:01] [INFO] /userdata/sdcard/workspace/proj/integrated-inspection/cpp/src/serial_port.cc:75 - Serial port /dev/ttyS9 closed
[2026-07-02 17:03:01] [INFO] /userdata/sdcard/workspace/proj/integrated-inspection/cpp/src/serial_port.cc:75 - Serial port /dev/ttyS8 closed
[2026-07-02 17:03:09] [INFO] /userdata/sdcard/workspace/proj/integrated-inspection/cpp/src/serial_port.cc:62 - Serial port /dev/ttyS9 opened successfully, baud=115200 data=8 stop=1 parity=N
[2026-07-02 17:03:09] [INFO] /userdata/sdcard/workspace/proj/integrated-inspection/cpp/src/serial_port.cc:62 - Serial port /dev/ttyS8 opened successfully, baud=115200 data=8 stop=1 parity=N
[2026-07-02 17:11:20] [INFO] /userdata/sdcard/workspace/proj/integrated-inspection/cpp/src/serial_port.cc:96 - Serial TX /dev/ttyS8 10/10 bytes: AA 55 25 00 02 00 14 08 C8 FF
[2026-07-02 17:11:23] [INFO] /userdata/sdcard/workspace/proj/integrated-inspection/cpp/src/serial_port.cc:150 - Serial RX /dev/ttyS8 4 bytes: AA 55 21 FF
[2026-07-02 17:11:24] [INFO] /userdata/sdcard/workspace/proj/integrated-inspection/cpp/src/serial_port.cc:96 - Serial TX /dev/ttyS8 10/10 bytes: AA 55 25 00 02 00 14 08 C8 FF
[2026-07-02 17:11:27] [INFO] /userdata/sdcard/workspace/proj/integrated-inspection/cpp/src/serial_port.cc:150 - Serial RX /dev/ttyS8 4 bytes: AA 55 21 FF
[2026-07-02 17:11:27] [INFO] /userdata/sdcard/workspace/proj/integrated-inspection/cpp/src/serial_port.cc:96 - Serial TX /dev/ttyS8 10/10 bytes: AA 55 25 00 02 00 14 08 C8 FF
[2026-07-02 17:11:30] [INFO] /userdata/sdcard/workspace/proj/integrated-inspection/cpp/src/serial_port.cc:150 - Serial RX /dev/ttyS8 4 bytes: AA 55 21 FF
[2026-07-02 17:11:31] [INFO] /userdata/sdcard/workspace/proj/integrated-inspection/cpp/src/serial_port.cc:96 - Serial TX /dev/ttyS8 10/10 bytes: AA 55 25 00 02 00 3C 16 C8 FF
[2026-07-02 17:11:40] [INFO] /userdata/sdcard/workspace/proj/integrated-inspection/cpp/src/serial_port.cc:150 - Serial RX /dev/ttyS8 4 bytes: AA 55 21 FF
[2026-07-02 17:11:42] [INFO] /userdata/sdcard/workspace/proj/integrated-inspection/cpp/src/serial_port.cc:96 - Serial TX /dev/ttyS8 10/10 bytes: AA 55 25 00 02 00 14 08 C8 FF
[2026-07-02 17:11:46] [INFO] /userdata/sdcard/workspace/proj/integrated-inspection/cpp/src/serial_port.cc:150 - Serial RX /dev/ttyS8 4 bytes: AA 55 21 FF
[2026-07-02 17:11:48] [INFO] /userdata/sdcard/workspace/proj/integrated-inspection/cpp/src/serial_port.cc:96 - Serial TX /dev/ttyS8 10/10 bytes: AA 55 25 00 02 00 14 08 C8 FF
[2026-07-02 17:11:51] [INFO] /userdata/sdcard/workspace/proj/integrated-inspection/cpp/src/serial_port.cc:150 - Serial RX /dev/ttyS8 4 bytes: AA 55 21 FF
[2026-07-02 17:11:53] [INFO] /userdata/sdcard/workspace/proj/integrated-inspection/cpp/src/serial_port.cc:96 - Serial TX /dev/ttyS8 10/10 bytes: AA 55 25 00 02 00 14 08 C8 FF
[2026-07-02 17:11:56] [INFO] /userdata/sdcard/workspace/proj/integrated-inspection/cpp/src/serial_port.cc:150 - Serial RX /dev/ttyS8 4 bytes: AA 55 21 FF
[2026-07-02 17:11:58] [INFO] /userdata/sdcard/workspace/proj/integrated-inspection/cpp/src/serial_port.cc:96 - Serial TX /dev/ttyS8 10/10 bytes: AA 55 26 00 02 00 B4 70 8C FF
[2026-07-02 17:12:27] [INFO] /userdata/sdcard/workspace/proj/integrated-inspection/cpp/src/serial_port.cc:150 - Serial RX /dev/ttyS8 4 bytes: AA 55 22 FF
[2026-07-02 17:18:26] [INFO] /userdata/sdcard/workspace/proj/integrated-inspection/cpp/src/serial_port.cc:96 - Serial TX /dev/ttyS8 10/10 bytes: AA 55 25 00 02 00 14 08 C8 FF
[2026-07-02 17:18:30] [INFO] /userdata/sdcard/workspace/proj/integrated-inspection/cpp/src/serial_port.cc:150 - Serial RX /dev/ttyS8 4 bytes: AA 55 21 FF
[2026-07-02 17:18:30] [INFO] /userdata/sdcard/workspace/proj/integrated-inspection/cpp/src/serial_port.cc:96 - Serial TX /dev/ttyS8 10/10 bytes: AA 55 25 00 02 00 14 08 C8 FF
[2026-07-02 17:18:31] [INFO] /userdata/sdcard/workspace/proj/integrated-inspection/cpp/src/serial_port.cc:150 - Serial RX /dev/ttyS8 8 bytes: AA 55 23 FF AA 55 23 FF
[2026-07-02 17:18:32] [INFO] /userdata/sdcard/workspace/proj/integrated-inspection/cpp/src/serial_port.cc:150 - Serial RX /dev/ttyS8 4 bytes: AA 55 23 FF
[2026-07-02 17:18:33] [INFO] /userdata/sdcard/workspace/proj/integrated-inspection/cpp/src/serial_port.cc:150 - Serial RX /dev/ttyS8 4 bytes: AA 55 23 FF
[2026-07-02 17:18:37] [INFO] /userdata/sdcard/workspace/proj/integrated-inspection/cpp/src/serial_port.cc:150 - Serial RX /dev/ttyS8 4 bytes: AA 55 23 FF
[2026-07-02 17:18:38] [INFO] /userdata/sdcard/workspace/proj/integrated-inspection/cpp/src/serial_port.cc:150 - Serial RX /dev/ttyS8 4 bytes: AA 55 23 FF
[2026-07-02 17:18:38] [INFO] /userdata/sdcard/workspace/proj/integrated-inspection/cpp/src/serial_port.cc:150 - Serial RX /dev/ttyS8 4 bytes: AA 55 23 FF
[2026-07-02 17:18:38] [INFO] /userdata/sdcard/workspace/proj/integrated-inspection/cpp/src/serial_port.cc:150 - Serial RX /dev/ttyS8 4 bytes: AA 55 23 FF
[2026-07-02 17:18:44] [INFO] /userdata/sdcard/workspace/proj/integrated-inspection/cpp/src/serial_port.cc:150 - Serial RX /dev/ttyS8 4 bytes: AA 55 23 FF
[2026-07-02 17:18:45] [INFO] /userdata/sdcard/workspace/proj/integrated-inspection/cpp/src/serial_port.cc:150 - Serial RX /dev/ttyS8 4 bytes: AA 55 23 FF
[2026-07-02 17:18:53] [INFO] /userdata/sdcard/workspace/proj/integrated-inspection/cpp/src/serial_port.cc:96 - Serial TX /dev/ttyS8 10/10 bytes: AA 55 25 00 02 00 14 08 C8 FF
[2026-07-02 17:18:56] [INFO] /userdata/sdcard/workspace/proj/integrated-inspection/cpp/src/serial_port.cc:150 - Serial RX /dev/ttyS8 4 bytes: AA 55 21 FF
[2026-07-02 17:18:56] [INFO] /userdata/sdcard/workspace/proj/integrated-inspection/cpp/src/serial_port.cc:96 - Serial TX /dev/ttyS8 10/10 bytes: AA 55 25 00 02 00 14 08 C8 FF
[2026-07-02 17:18:59] [INFO] /userdata/sdcard/workspace/proj/integrated-inspection/cpp/src/serial_port.cc:150 - Serial RX /dev/ttyS8 4 bytes: AA 55 21 FF
[2026-07-02 17:19:00] [INFO] /userdata/sdcard/workspace/proj/integrated-inspection/cpp/src/serial_port.cc:96 - Serial TX /dev/ttyS8 10/10 bytes: AA 55 25 00 02 00 14 08 C8 FF
[2026-07-02 17:19:03] [INFO] /userdata/sdcard/workspace/proj/integrated-inspection/cpp/src/serial_port.cc:150 - Serial RX /dev/ttyS8 4 bytes: AA 55 21 FF
[2026-07-02 17:19:03] [INFO] /userdata/sdcard/workspace/proj/integrated-inspection/cpp/src/serial_port.cc:96 - Serial TX /dev/ttyS8 10/10 bytes: AA 55 25 00 02 00 3C 16 C8 FF
[2026-07-02 17:19:13] [INFO] /userdata/sdcard/workspace/proj/integrated-inspection/cpp/src/serial_port.cc:150 - Serial RX /dev/ttyS8 4 bytes: AA 55 21 FF
[2026-07-02 17:19:15] [INFO] /userdata/sdcard/workspace/proj/integrated-inspection/cpp/src/serial_port.cc:96 - Serial TX /dev/ttyS8 10/10 bytes: AA 55 25 00 02 00 14 08 C8 FF
[2026-07-02 17:19:18] [INFO] /userdata/sdcard/workspace/proj/integrated-inspection/cpp/src/serial_port.cc:150 - Serial RX /dev/ttyS8 4 bytes: AA 55 21 FF
[2026-07-02 17:19:20] [INFO] /userdata/sdcard/workspace/proj/integrated-inspection/cpp/src/serial_port.cc:96 - Serial TX /dev/ttyS8 10/10 bytes: AA 55 25 00 02 00 14 08 C8 FF
[2026-07-02 17:19:23] [INFO] /userdata/sdcard/workspace/proj/integrated-inspection/cpp/src/serial_port.cc:150 - Serial RX /dev/ttyS8 4 bytes: AA 55 21 FF
[2026-07-02 17:19:26] [INFO] /userdata/sdcard/workspace/proj/integrated-inspection/cpp/src/serial_port.cc:96 - Serial TX /dev/ttyS8 10/10 bytes: AA 55 25 00 02 00 14 08 C8 FF
[2026-07-02 17:19:29] [INFO] /userdata/sdcard/workspace/proj/integrated-inspection/cpp/src/serial_port.cc:150 - Serial RX /dev/ttyS8 4 bytes: AA 55 21 FF
[2026-07-02 17:19:31] [INFO] /userdata/sdcard/workspace/proj/integrated-inspection/cpp/src/serial_port.cc:96 - Serial TX /dev/ttyS8 10/10 bytes: AA 55 26 00 02 00 B4 70 8C FF
[2026-07-02 17:20:00] [INFO] /userdata/sdcard/workspace/proj/integrated-inspection/cpp/src/serial_port.cc:150 - Serial RX /dev/ttyS8 4 bytes: AA 55 22 FF
[2026-07-02 17:20:44] [INFO] /userdata/sdcard/workspace/proj/integrated-inspection/cpp/src/serial_port.cc:96 - Serial TX /dev/ttyS8 10/10 bytes: AA 55 25 00 02 00 14 08 C8 FF
[2026-07-02 17:20:47] [INFO] /userdata/sdcard/workspace/proj/integrated-inspection/cpp/src/serial_port.cc:150 - Serial RX /dev/ttyS8 4 bytes: AA 55 21 FF
[2026-07-02 17:20:48] [INFO] /userdata/sdcard/workspace/proj/integrated-inspection/cpp/src/serial_port.cc:96 - Serial TX /dev/ttyS8 10/10 bytes: AA 55 25 00 02 00 14 08 C8 FF
[2026-07-02 17:20:51] [INFO] /userdata/sdcard/workspace/proj/integrated-inspection/cpp/src/serial_port.cc:150 - Serial RX /dev/ttyS8 4 bytes: AA 55 21 FF
[2026-07-02 17:20:51] [INFO] /userdata/sdcard/workspace/proj/integrated-inspection/cpp/src/serial_port.cc:96 - Serial TX /dev/ttyS8 10/10 bytes: AA 55 25 00 02 00 14 08 C8 FF
[2026-07-02 17:20:54] [INFO] /userdata/sdcard/workspace/proj/integrated-inspection/cpp/src/serial_port.cc:150 - Serial RX /dev/ttyS8 4 bytes: AA 55 21 FF
[2026-07-02 17:20:55] [INFO] /userdata/sdcard/workspace/proj/integrated-inspection/cpp/src/serial_port.cc:96 - Serial TX /dev/ttyS8 10/10 bytes: AA 55 25 00 02 00 3C 16 C8 FF
[2026-07-02 17:21:04] [INFO] /userdata/sdcard/workspace/proj/integrated-inspection/cpp/src/serial_port.cc:150 - Serial RX /dev/ttyS8 4 bytes: AA 55 21 FF
[2026-07-02 17:21:06] [INFO] /userdata/sdcard/workspace/proj/integrated-inspection/cpp/src/serial_port.cc:96 - Serial TX /dev/ttyS8 10/10 bytes: AA 55 25 00 02 00 14 08 C8 FF
[2026-07-02 17:21:10] [INFO] /userdata/sdcard/workspace/proj/integrated-inspection/cpp/src/serial_port.cc:150 - Serial RX /dev/ttyS8 4 bytes: AA 55 21 FF
[2026-07-02 17:21:12] [INFO] /userdata/sdcard/workspace/proj/integrated-inspection/cpp/src/serial_port.cc:96 - Serial TX /dev/ttyS8 10/10 bytes: AA 55 25 00 02 00 14 08 C8 FF
[2026-07-02 17:21:15] [INFO] /userdata/sdcard/workspace/proj/integrated-inspection/cpp/src/serial_port.cc:150 - Serial RX /dev/ttyS8 4 bytes: AA 55 21 FF
[2026-07-02 17:21:17] [INFO] /userdata/sdcard/workspace/proj/integrated-inspection/cpp/src/serial_port.cc:96 - Serial TX /dev/ttyS8 10/10 bytes: AA 55 25 00 02 00 14 08 C8 FF
[2026-07-02 17:21:20] [INFO] /userdata/sdcard/workspace/proj/integrated-inspection/cpp/src/serial_port.cc:150 - Serial RX /dev/ttyS8 4 bytes: AA 55 21 FF
[2026-07-02 17:21:22] [INFO] /userdata/sdcard/workspace/proj/integrated-inspection/cpp/src/serial_port.cc:96 - Serial TX /dev/ttyS8 10/10 bytes: AA 55 26 00 02 00 B4 70 8C FF
[2026-07-02 17:21:51] [INFO] /userdata/sdcard/workspace/proj/integrated-inspection/cpp/src/serial_port.cc:150 - Serial RX /dev/ttyS8 4 bytes: AA 55 22 FF
