[2026-06-26 20:57:18] 开始检测 开始识别当前槽位
[2026-06-26 20:57:22] 开始检测 开始识别当前槽位
[2026-06-26 20:59:42] 开始检测 开始识别当前槽位
[2026-06-26 20:59:42] 字符匹配错误 字符不匹配
[2026-06-26 22:17:30] 开始检测 开始识别当前槽位
[2026-06-26 22:45:54] 开始检测 开始识别当前槽位
[2026-06-26 22:45:54] 字符匹配错误 字符不匹配
[2026-06-27 10:18:04] 下位机中断 命令 0x00 被 KEY_2/KEY_3 中断
[2026-06-27 10:18:04] 下位机中断 命令 0x00 被 KEY_2/KEY_3 中断
[2026-06-27 10:18:09] 下位机中断 命令 0x00 被 KEY_2/KEY_3 中断
[2026-06-27 10:18:27] 开始检测 开始识别当前槽位
[2026-06-27 10:18:27] 字符匹配错误 字符不匹配
[2026-06-27 10:18:27] 缺陷报警 划痕
[2026-06-27 10:19:09] 开始检测 开始识别当前槽位
[2026-06-27 10:19:09] 字符匹配错误 字符不匹配
[2026-06-27 10:19:09] 缺陷报警 划痕
[2026-06-27 10:19:12] 字符匹配错误 字符不匹配
[2026-06-27 10:19:19] 字符匹配错误 字符不匹配
[2026-06-27 10:20:14] 下位机中断 命令 0x00 被 KEY_2/KEY_3 中断
[2026-06-27 10:20:15] 下位机中断 命令 0x00 被 KEY_2/KEY_3 中断
[2026-06-27 10:20:16] 下位机中断 命令 0x00 被 KEY_2/KEY_3 中断
[2026-06-27 10:20:55] 下位机中断 命令 0x00 被 KEY_2/KEY_3 中断
[2026-06-27 10:20:56] 下位机中断 命令 0x00 被 KEY_2/KEY_3 中断
[2026-06-27 10:21:31] 开始检测 开始识别当前槽位
[2026-06-27 10:21:31] 字符匹配错误 字符不匹配
[2026-06-27 10:21:31] 缺陷报警 划痕
[2026-06-27 10:21:34] 字符匹配错误 字符不匹配
[2026-06-27 10:21:38] 字符匹配错误 字符不匹配
[2026-06-27 10:21:38] 缺陷报警 引脚损坏；划痕
[2026-06-27 10:21:41] 缺陷报警 引脚损坏
[2026-06-27 10:40:14] 开始检测 开始识别当前槽位
[2026-06-27 10:40:14] 字符匹配错误 字符不匹配
[2026-06-27 10:40:14] 缺陷报警 划痕
[2026-06-27 10:40:18] 字符匹配错误 字符不匹配
[2026-06-27 10:40:21] 字符匹配错误 字符不匹配
[2026-06-27 10:40:21] 缺陷报警 引脚损坏；划痕
[2026-06-27 10:40:24] 字符匹配错误 字符不匹配
[2026-06-27 10:40:24] 缺陷报警 引脚损坏
[2026-06-27 11:07:37] 开始检测 开始识别当前槽位
[2026-06-27 11:07:37] 字符匹配错误 字符不匹配
[2026-06-27 11:07:37] 缺陷报警 划痕
[2026-06-27 11:07:41] 字符匹配错误 字符不匹配
[2026-06-27 11:07:44] 字符匹配错误 字符不匹配
[2026-06-27 11:07:44] 缺陷报警 引脚损坏；划痕
[2026-06-27 11:07:47] 字符匹配错误 字符不匹配
[2026-06-27 11:07:47] 缺陷报警 引脚损坏
[2026-06-27 11:16:42] 下位机中断 命令 0x00 被 KEY_2/KEY_3 中断
[2026-06-27 11:17:08] 开始检测 开始识别当前槽位
[2026-06-27 11:17:08] 字符匹配错误 字符不匹配
[2026-06-27 11:17:08] 缺陷报警 划痕
[2026-06-27 11:17:12] 字符匹配错误 字符不匹配
[2026-06-27 11:17:15] 字符匹配错误 字符不匹配
[2026-06-27 11:17:15] 缺陷报警 引脚损坏；划痕
[2026-06-27 11:17:19] 字符匹配错误 字符不匹配
[2026-06-27 11:17:19] 缺陷报警 引脚损坏
[2026-06-27 11:23:08] 下位机中断 命令 0x00 被 KEY_2/KEY_3 中断
[2026-06-27 11:23:51] 开始检测 开始识别当前槽位
[2026-06-27 11:23:51] 缺陷报警 划痕
[2026-06-27 11:23:58] 字符匹配错误 字符不匹配
[2026-06-27 11:23:58] 缺陷报警 引脚损坏；划痕
[2026-06-27 11:24:01] 缺陷报警 引脚损坏
[2026-06-27 11:25:06] 下位机中断 命令 0x26 被 KEY_2/KEY_3 中断
